Return: RefCell { value: [Const, Unit] }
Return: RefCell { value: [Const, Unit] }
Return: RefCell { value: [Const, Unit] }
Return: RefCell { value: [Const, Unit] }
Return: RefCell { value: [Const, Unit] }
Return: RefCell { value: [Const] }
Return: RefCell { value: [Const] }
Return: RefCell { value: [Const] }
Return: RefCell { value: [Const, Unit] }
