# Relations for "test_return"
{
    bb0: {},
    bb1: {
        _7: [
            _8,
        ],
    },
    bb2: {
        _10: [
            _13,
        ],
    },
    bb3: {
        _15: [
            _16,
            _18,
        ],
    },
    bb4: {
        _20: [
            _21,
            _24,
        ],
    },
    bb5: {
        _27: [
            _28,
            _30,
        ],
    },
    bb6: {
        _32: [
            _33,
            _35,
        ],
    },
    bb7: {
        _37: [
            _38,
            _40,
        ],
    },
    bb8: {
        _42: [
            _43,
            _45,
        ],
    },
    bb9: {
        _47: [
            _48,
            _50,
        ],
    },
}
# Relations for "test_mut_args_1"
{
    bb0: {},
    bb1: {},
    bb2: {},
    bb3: {
        _13: [
            _14,
        ],
    },
}
# Relations for "test_mut_args_2"
{
    bb0: {},
}
# Relations for "test_mut_args_3"
{
    bb0: {
        _4: [
            _5,
        ],
    },
}
