DefId(0:3 ~ fn_call_relations[cfca]::no_rep)
FuncReals {
    tcx: PrintPrevent,
    multiverse: {},
    sig: fn(u32, std::string::String) -> u16,
}
DefId(0:4 ~ fn_call_relations[cfca]::direct_dep)
FuncReals {
    tcx: PrintPrevent,
    multiverse: {},
    sig: fn(&ReBound(DebruijnIndex(0), BoundRegion { var: 0, kind: BrNamed(DefId(0:29 ~ fn_call_relations[cfca]::direct_dep::'_), '_) }) std::string::String, u32) -> &ReBound(DebruijnIndex(0), BoundRegion { var: 0, kind: BrNamed(DefId(0:29 ~ fn_call_relations[cfca]::direct_dep::'_), '_) }) std::string::String,
}
DefId(0:5 ~ fn_call_relations[cfca]::lifetime_dep)
FuncReals {
    tcx: PrintPrevent,
    multiverse: {},
    sig: fn(&ReBound(DebruijnIndex(0), BoundRegion { var: 1, kind: BrNamed(DefId(0:30 ~ fn_call_relations[cfca]::lifetime_dep::'_), '_) }) std::string::String, &ReBound(DebruijnIndex(0), BoundRegion { var: 0, kind: BrNamed(DefId(0:6 ~ fn_call_relations[cfca]::lifetime_dep::'a), 'a) }) std::string::String) -> &ReBound(DebruijnIndex(0), BoundRegion { var: 0, kind: BrNamed(DefId(0:6 ~ fn_call_relations[cfca]::lifetime_dep::'a), 'a) }) std::string::String,
}
DefId(0:7 ~ fn_call_relations[cfca]::lifetime_dep_more)
FuncReals {
    tcx: PrintPrevent,
    multiverse: {},
    sig: fn(&ReBound(DebruijnIndex(0), BoundRegion { var: 0, kind: BrNamed(DefId(0:8 ~ fn_call_relations[cfca]::lifetime_dep_more::'a), 'a) }) std::string::String, &ReBound(DebruijnIndex(0), BoundRegion { var: 0, kind: BrNamed(DefId(0:8 ~ fn_call_relations[cfca]::lifetime_dep_more::'a), 'a) }) std::string::String) -> &ReBound(DebruijnIndex(0), BoundRegion { var: 0, kind: BrNamed(DefId(0:8 ~ fn_call_relations[cfca]::lifetime_dep_more::'a), 'a) }) std::string::String,
}
DefId(0:11 ~ fn_call_relations[cfca]::lifetime_dep_prim)
FuncReals {
    tcx: PrintPrevent,
    multiverse: {},
    sig: fn(&ReBound(DebruijnIndex(0), BoundRegion { var: 0, kind: BrNamed(DefId(0:12 ~ fn_call_relations[cfca]::lifetime_dep_prim::'a), 'a) }) u32, &ReBound(DebruijnIndex(0), BoundRegion { var: 0, kind: BrNamed(DefId(0:12 ~ fn_call_relations[cfca]::lifetime_dep_prim::'a), 'a) }) u32) -> &ReBound(DebruijnIndex(0), BoundRegion { var: 0, kind: BrNamed(DefId(0:12 ~ fn_call_relations[cfca]::lifetime_dep_prim::'a), 'a) }) u32,
}
DefId(0:9 ~ fn_call_relations[cfca]::lifetime_dep_const)
FuncReals {
    tcx: PrintPrevent,
    multiverse: {},
    sig: fn(&ReBound(DebruijnIndex(0), BoundRegion { var: 0, kind: BrNamed(DefId(0:10 ~ fn_call_relations[cfca]::lifetime_dep_const::'a), 'a) }) str, &ReBound(DebruijnIndex(0), BoundRegion { var: 0, kind: BrNamed(DefId(0:10 ~ fn_call_relations[cfca]::lifetime_dep_const::'a), 'a) }) str) -> &ReBound(DebruijnIndex(0), BoundRegion { var: 0, kind: BrNamed(DefId(0:10 ~ fn_call_relations[cfca]::lifetime_dep_const::'a), 'a) }) str,
}
DefId(0:13 ~ fn_call_relations[cfca]::lifetime_outlives_middle_1)
FuncReals {
    tcx: PrintPrevent,
    multiverse: {
        ReEarlyParam(DefId(0:14 ~ fn_call_relations[cfca]::lifetime_outlives_middle_1::'a), 0, 'a): {
            ReEarlyParam(DefId(0:15 ~ fn_call_relations[cfca]::lifetime_outlives_middle_1::'d), 1, 'd),
            ReEarlyParam(DefId(0:16 ~ fn_call_relations[cfca]::lifetime_outlives_middle_1::'b), 2, 'b),
            ReEarlyParam(DefId(0:17 ~ fn_call_relations[cfca]::lifetime_outlives_middle_1::'c), 3, 'c),
        },
        ReEarlyParam(DefId(0:15 ~ fn_call_relations[cfca]::lifetime_outlives_middle_1::'d), 1, 'd): {
            ReEarlyParam(DefId(0:16 ~ fn_call_relations[cfca]::lifetime_outlives_middle_1::'b), 2, 'b),
            ReEarlyParam(DefId(0:17 ~ fn_call_relations[cfca]::lifetime_outlives_middle_1::'c), 3, 'c),
        },
    },
    sig: fn(&ReEarlyParam(DefId(0:16 ~ fn_call_relations[cfca]::lifetime_outlives_middle_1::'b), 2, 'b) std::string::String, &ReEarlyParam(DefId(0:17 ~ fn_call_relations[cfca]::lifetime_outlives_middle_1::'c), 3, 'c) std::string::String) -> &ReEarlyParam(DefId(0:14 ~ fn_call_relations[cfca]::lifetime_outlives_middle_1::'a), 0, 'a) std::string::String,
}
DefId(0:18 ~ fn_call_relations[cfca]::lifetime_outlives_middle_2)
FuncReals {
    tcx: PrintPrevent,
    multiverse: {
        ReEarlyParam(DefId(0:19 ~ fn_call_relations[cfca]::lifetime_outlives_middle_2::'a), 0, 'a): {
            ReEarlyParam(DefId(0:20 ~ fn_call_relations[cfca]::lifetime_outlives_middle_2::'b), 1, 'b),
            ReEarlyParam(DefId(0:21 ~ fn_call_relations[cfca]::lifetime_outlives_middle_2::'c), 2, 'c),
            ReEarlyParam(DefId(0:22 ~ fn_call_relations[cfca]::lifetime_outlives_middle_2::'d), 3, 'd),
        },
        ReEarlyParam(DefId(0:22 ~ fn_call_relations[cfca]::lifetime_outlives_middle_2::'d), 3, 'd): {
            ReEarlyParam(DefId(0:20 ~ fn_call_relations[cfca]::lifetime_outlives_middle_2::'b), 1, 'b),
            ReEarlyParam(DefId(0:21 ~ fn_call_relations[cfca]::lifetime_outlives_middle_2::'c), 2, 'c),
        },
    },
    sig: fn(&ReEarlyParam(DefId(0:20 ~ fn_call_relations[cfca]::lifetime_outlives_middle_2::'b), 1, 'b) std::string::String, &ReEarlyParam(DefId(0:21 ~ fn_call_relations[cfca]::lifetime_outlives_middle_2::'c), 2, 'c) std::string::String) -> &ReEarlyParam(DefId(0:19 ~ fn_call_relations[cfca]::lifetime_outlives_middle_2::'a), 0, 'a) std::string::String,
}
DefId(0:23 ~ fn_call_relations[cfca]::lifetime_outlives)
FuncReals {
    tcx: PrintPrevent,
    multiverse: {
        ReEarlyParam(DefId(0:24 ~ fn_call_relations[cfca]::lifetime_outlives::'a), 0, 'a): {
            ReEarlyParam(DefId(0:25 ~ fn_call_relations[cfca]::lifetime_outlives::'b), 1, 'b),
            ReEarlyParam(DefId(0:26 ~ fn_call_relations[cfca]::lifetime_outlives::'c), 2, 'c),
        },
    },
    sig: fn(&ReEarlyParam(DefId(0:25 ~ fn_call_relations[cfca]::lifetime_outlives::'b), 1, 'b) std::string::String, &ReEarlyParam(DefId(0:26 ~ fn_call_relations[cfca]::lifetime_outlives::'c), 2, 'c) std::string::String) -> &ReEarlyParam(DefId(0:24 ~ fn_call_relations[cfca]::lifetime_outlives::'a), 0, 'a) std::string::String,
}
DefId(0:23 ~ fn_call_relations[cfca]::lifetime_outlives)
FuncReals {
    tcx: PrintPrevent,
    multiverse: {
        ReEarlyParam(DefId(0:24 ~ fn_call_relations[cfca]::lifetime_outlives::'a), 0, 'a): {
            ReEarlyParam(DefId(0:25 ~ fn_call_relations[cfca]::lifetime_outlives::'b), 1, 'b),
            ReEarlyParam(DefId(0:26 ~ fn_call_relations[cfca]::lifetime_outlives::'c), 2, 'c),
        },
    },
    sig: fn(&ReEarlyParam(DefId(0:25 ~ fn_call_relations[cfca]::lifetime_outlives::'b), 1, 'b) std::string::String, &ReEarlyParam(DefId(0:26 ~ fn_call_relations[cfca]::lifetime_outlives::'c), 2, 'c) std::string::String) -> &ReEarlyParam(DefId(0:24 ~ fn_call_relations[cfca]::lifetime_outlives::'a), 0, 'a) std::string::String,
}
