# "mut_named_ref_non_kill"
- x              : (Mutable  , Owned    , Local   , Copy   , NonDrop, Primitive) {NamedBorrow}
- y              : (Mutable  , Owned    , Local   , Copy   , NonDrop, Primitive) {NamedBorrow}
- Body: Output(Unit)     , NotConst , Safe  , Sync , Free       {NoArguments, HasAnonBorrow}
- Stats: BodyStats {
    return_relations_signature: 0,
    return_relations_found: 0,
    arg_relations_signature: 0,
    arg_relations_found: 0,
    owned: OwnedStats {
        temp_borrow_count: 0,
        temp_borrow_mut_count: 0,
        temp_borrow_extended_count: 0,
        temp_borrow_mut_extended_count: 0,
        named_borrow_count: 2,
        named_borrow_mut_count: 0,
        two_phased_borrows: 0,
    },
}

