# "call_extend_simple"
- data           : (Immutable, Owned    , Local   , NonCopy, Drop   , UserDef  ) {TempBorrow, TempBorrowExtended}
- Body: Output(Unit)     , NotConst , Safe  , Sync , Free       {NoArguments, HasAnonBorrow}

# "call_extend_named"
- data           : (Immutable, Owned    , Local   , NonCopy, Drop   , UserDef  ) {NamedLoan}
- Body: Output(Unit)     , NotConst , Safe  , Sync , Free       {NoArguments, HasNamedBorrow}

