Disabled due to feature use
[THESIS-ANALYSIS-OUTPUT] {"Disabled due to feature usage"} 
