# "main"
- Body: Output(Unit)     , NotConst , Safe  , Sync , Free       {NoArguments}

