# Relations for "no_rep"
- Incompltete Stats: BodyStats {
    return_relations_signature: 0,
    return_relations_found: 0,
    arg_relations_signature: 0,
    arg_relations_found: 0,
    arg_relation_possibly_missed_due_generics: 0,
    arg_relation_possibly_missed_due_to_late_bounds: 0,
    owned: OwnedStats {
        arg_borrow_count: 0,
        arg_borrow_mut_count: 0,
        arg_borrow_extended_count: 0,
        arg_borrow_mut_extended_count: 0,
        named_borrow_count: 0,
        named_borrow_mut_count: 0,
        borrowed_for_closure_count: 0,
        borrowed_mut_for_closure_count: 0,
        two_phased_borrows: 0,
    },
}
- Called function relations: {}
- Incompltete Body: Output(Primitive), NotConst , Safe  , Sync , Free       {}

# Relations for "direct_dep"
- Incompltete Stats: BodyStats {
    return_relations_signature: 1,
    return_relations_found: 1,
    arg_relations_signature: 0,
    arg_relations_found: 0,
    arg_relation_possibly_missed_due_generics: 0,
    arg_relation_possibly_missed_due_to_late_bounds: 0,
    owned: OwnedStats {
        arg_borrow_count: 0,
        arg_borrow_mut_count: 0,
        arg_borrow_extended_count: 0,
        arg_borrow_mut_extended_count: 0,
        named_borrow_count: 0,
        named_borrow_mut_count: 0,
        borrowed_for_closure_count: 0,
        borrowed_mut_for_closure_count: 0,
        two_phased_borrows: 0,
    },
}
- Called function relations: {}
- Incompltete Body: Output(Reference), NotConst , Safe  , Sync , Free       {}

# Relations for "lifetime_dep"
- Incompltete Stats: BodyStats {
    return_relations_signature: 1,
    return_relations_found: 1,
    arg_relations_signature: 0,
    arg_relations_found: 0,
    arg_relation_possibly_missed_due_generics: 0,
    arg_relation_possibly_missed_due_to_late_bounds: 0,
    owned: OwnedStats {
        arg_borrow_count: 0,
        arg_borrow_mut_count: 0,
        arg_borrow_extended_count: 0,
        arg_borrow_mut_extended_count: 0,
        named_borrow_count: 0,
        named_borrow_mut_count: 0,
        borrowed_for_closure_count: 0,
        borrowed_mut_for_closure_count: 0,
        two_phased_borrows: 0,
    },
}
- Called function relations: {}
- Incompltete Body: Output(Reference), NotConst , Safe  , Sync , Free       {}

# Relations for "lifetime_dep_more"
- Incompltete Stats: BodyStats {
    return_relations_signature: 2,
    return_relations_found: 1,
    arg_relations_signature: 0,
    arg_relations_found: 0,
    arg_relation_possibly_missed_due_generics: 0,
    arg_relation_possibly_missed_due_to_late_bounds: 0,
    owned: OwnedStats {
        arg_borrow_count: 0,
        arg_borrow_mut_count: 0,
        arg_borrow_extended_count: 0,
        arg_borrow_mut_extended_count: 0,
        named_borrow_count: 0,
        named_borrow_mut_count: 0,
        borrowed_for_closure_count: 0,
        borrowed_mut_for_closure_count: 0,
        two_phased_borrows: 0,
    },
}
- Called function relations: {}
- Incompltete Body: Output(Reference), NotConst , Safe  , Sync , Free       {}

# Relations for "lifetime_dep_or"
- Incompltete Stats: BodyStats {
    return_relations_signature: 2,
    return_relations_found: 2,
    arg_relations_signature: 0,
    arg_relations_found: 0,
    arg_relation_possibly_missed_due_generics: 0,
    arg_relation_possibly_missed_due_to_late_bounds: 0,
    owned: OwnedStats {
        arg_borrow_count: 0,
        arg_borrow_mut_count: 0,
        arg_borrow_extended_count: 0,
        arg_borrow_mut_extended_count: 0,
        named_borrow_count: 0,
        named_borrow_mut_count: 0,
        borrowed_for_closure_count: 0,
        borrowed_mut_for_closure_count: 0,
        two_phased_borrows: 0,
    },
}
- Called function relations: {}
- Incompltete Body: Output(Reference), NotConst , Safe  , Sync , Free       {}

# Relations for "lifetime_dep_const"
- Incompltete Stats: BodyStats {
    return_relations_signature: 2,
    return_relations_found: 1,
    arg_relations_signature: 0,
    arg_relations_found: 0,
    arg_relation_possibly_missed_due_generics: 0,
    arg_relation_possibly_missed_due_to_late_bounds: 0,
    owned: OwnedStats {
        arg_borrow_count: 0,
        arg_borrow_mut_count: 0,
        arg_borrow_extended_count: 0,
        arg_borrow_mut_extended_count: 0,
        named_borrow_count: 0,
        named_borrow_mut_count: 0,
        borrowed_for_closure_count: 0,
        borrowed_mut_for_closure_count: 0,
        two_phased_borrows: 0,
    },
}
- Called function relations: {}
- Incompltete Body: Output(Reference), NotConst , Safe  , Sync , Free       {}

# Relations for "lifetime_dep_prim"
- Incompltete Stats: BodyStats {
    return_relations_signature: 2,
    return_relations_found: 1,
    arg_relations_signature: 0,
    arg_relations_found: 0,
    arg_relation_possibly_missed_due_generics: 0,
    arg_relation_possibly_missed_due_to_late_bounds: 0,
    owned: OwnedStats {
        arg_borrow_count: 0,
        arg_borrow_mut_count: 0,
        arg_borrow_extended_count: 0,
        arg_borrow_mut_extended_count: 0,
        named_borrow_count: 0,
        named_borrow_mut_count: 0,
        borrowed_for_closure_count: 0,
        borrowed_mut_for_closure_count: 0,
        two_phased_borrows: 0,
    },
}
- Called function relations: {}
- Incompltete Body: Output(Reference), NotConst , Safe  , Sync , Free       {}

# Relations for "lifetime_outlives_middle_1"
- Incompltete Stats: BodyStats {
    return_relations_signature: 2,
    return_relations_found: 1,
    arg_relations_signature: 0,
    arg_relations_found: 0,
    arg_relation_possibly_missed_due_generics: 0,
    arg_relation_possibly_missed_due_to_late_bounds: 0,
    owned: OwnedStats {
        arg_borrow_count: 0,
        arg_borrow_mut_count: 0,
        arg_borrow_extended_count: 0,
        arg_borrow_mut_extended_count: 0,
        named_borrow_count: 0,
        named_borrow_mut_count: 0,
        borrowed_for_closure_count: 0,
        borrowed_mut_for_closure_count: 0,
        two_phased_borrows: 0,
    },
}
- Called function relations: {}
- Incompltete Body: Output(Reference), NotConst , Safe  , Sync , Free       {}

# Relations for "lifetime_outlives_middle_2"
- Incompltete Stats: BodyStats {
    return_relations_signature: 2,
    return_relations_found: 2,
    arg_relations_signature: 0,
    arg_relations_found: 0,
    arg_relation_possibly_missed_due_generics: 0,
    arg_relation_possibly_missed_due_to_late_bounds: 0,
    owned: OwnedStats {
        arg_borrow_count: 0,
        arg_borrow_mut_count: 0,
        arg_borrow_extended_count: 0,
        arg_borrow_mut_extended_count: 0,
        named_borrow_count: 0,
        named_borrow_mut_count: 0,
        borrowed_for_closure_count: 0,
        borrowed_mut_for_closure_count: 0,
        two_phased_borrows: 0,
    },
}
- Called function relations: {}
- Incompltete Body: Output(Reference), NotConst , Safe  , Sync , Free       {}

# Relations for "lifetime_outlives"
- Incompltete Stats: BodyStats {
    return_relations_signature: 2,
    return_relations_found: 1,
    arg_relations_signature: 0,
    arg_relations_found: 0,
    arg_relation_possibly_missed_due_generics: 0,
    arg_relation_possibly_missed_due_to_late_bounds: 0,
    owned: OwnedStats {
        arg_borrow_count: 0,
        arg_borrow_mut_count: 0,
        arg_borrow_extended_count: 0,
        arg_borrow_mut_extended_count: 0,
        named_borrow_count: 0,
        named_borrow_mut_count: 0,
        borrowed_for_closure_count: 0,
        borrowed_mut_for_closure_count: 0,
        two_phased_borrows: 0,
    },
}
- Called function relations: {}
- Incompltete Body: Output(Reference), NotConst , Safe  , Sync , Free       {}

# Relations for "immutable_owner"
- Incompltete Stats: BodyStats {
    return_relations_signature: 0,
    return_relations_found: 0,
    arg_relations_signature: 0,
    arg_relations_found: 0,
    arg_relation_possibly_missed_due_generics: 0,
    arg_relation_possibly_missed_due_to_late_bounds: 0,
    owned: OwnedStats {
        arg_borrow_count: 0,
        arg_borrow_mut_count: 0,
        arg_borrow_extended_count: 0,
        arg_borrow_mut_extended_count: 0,
        named_borrow_count: 0,
        named_borrow_mut_count: 0,
        borrowed_for_closure_count: 0,
        borrowed_mut_for_closure_count: 0,
        two_phased_borrows: 0,
    },
}
- Called function relations: {}
- Incompltete Body: Output(Unit)     , NotConst , Safe  , Sync , Free       {}

# Relations for "mutable_owner"
- Incompltete Stats: BodyStats {
    return_relations_signature: 0,
    return_relations_found: 0,
    arg_relations_signature: 0,
    arg_relations_found: 0,
    arg_relation_possibly_missed_due_generics: 0,
    arg_relation_possibly_missed_due_to_late_bounds: 0,
    owned: OwnedStats {
        arg_borrow_count: 0,
        arg_borrow_mut_count: 0,
        arg_borrow_extended_count: 0,
        arg_borrow_mut_extended_count: 0,
        named_borrow_count: 0,
        named_borrow_mut_count: 0,
        borrowed_for_closure_count: 0,
        borrowed_mut_for_closure_count: 0,
        two_phased_borrows: 0,
    },
}
- Called function relations: {}
- Incompltete Body: Output(Unit)     , NotConst , Safe  , Sync , Free       {}

# Relations for "mutable_owner_and_arg"
- Incompltete Stats: BodyStats {
    return_relations_signature: 0,
    return_relations_found: 0,
    arg_relations_signature: 0,
    arg_relations_found: 0,
    arg_relation_possibly_missed_due_generics: 0,
    arg_relation_possibly_missed_due_to_late_bounds: 0,
    owned: OwnedStats {
        arg_borrow_count: 0,
        arg_borrow_mut_count: 0,
        arg_borrow_extended_count: 0,
        arg_borrow_mut_extended_count: 0,
        named_borrow_count: 0,
        named_borrow_mut_count: 0,
        borrowed_for_closure_count: 0,
        borrowed_mut_for_closure_count: 0,
        two_phased_borrows: 0,
    },
}
- Called function relations: {}
- Incompltete Body: Output(Unit)     , NotConst , Safe  , Sync , Free       {}

# Relations for "mutable_owner_and_lifetimed_str"
- Incompltete Stats: BodyStats {
    return_relations_signature: 0,
    return_relations_found: 0,
    arg_relations_signature: 1,
    arg_relations_found: 1,
    arg_relation_possibly_missed_due_generics: 0,
    arg_relation_possibly_missed_due_to_late_bounds: 0,
    owned: OwnedStats {
        arg_borrow_count: 0,
        arg_borrow_mut_count: 0,
        arg_borrow_extended_count: 0,
        arg_borrow_mut_extended_count: 0,
        named_borrow_count: 0,
        named_borrow_mut_count: 0,
        borrowed_for_closure_count: 0,
        borrowed_mut_for_closure_count: 0,
        two_phased_borrows: 0,
    },
}
- Called function relations: {}
- Incompltete Body: Output(Unit)     , NotConst , Safe  , Sync , Free       {}

# Relations for "immutable_owner_and_lifetimed_str"
- Incompltete Stats: BodyStats {
    return_relations_signature: 0,
    return_relations_found: 0,
    arg_relations_signature: 0,
    arg_relations_found: 0,
    arg_relation_possibly_missed_due_generics: 0,
    arg_relation_possibly_missed_due_to_late_bounds: 0,
    owned: OwnedStats {
        arg_borrow_count: 0,
        arg_borrow_mut_count: 0,
        arg_borrow_extended_count: 0,
        arg_borrow_mut_extended_count: 0,
        named_borrow_count: 0,
        named_borrow_mut_count: 0,
        borrowed_for_closure_count: 0,
        borrowed_mut_for_closure_count: 0,
        two_phased_borrows: 0,
    },
}
- Called function relations: {}
- Incompltete Body: Output(Unit)     , NotConst , Safe  , Sync , Free       {}

# Relations for "mutable_owner_other_lifetimed_str"
- Incompltete Stats: BodyStats {
    return_relations_signature: 0,
    return_relations_found: 0,
    arg_relations_signature: 0,
    arg_relations_found: 0,
    arg_relation_possibly_missed_due_generics: 0,
    arg_relation_possibly_missed_due_to_late_bounds: 0,
    owned: OwnedStats {
        arg_borrow_count: 0,
        arg_borrow_mut_count: 0,
        arg_borrow_extended_count: 0,
        arg_borrow_mut_extended_count: 0,
        named_borrow_count: 0,
        named_borrow_mut_count: 0,
        borrowed_for_closure_count: 0,
        borrowed_mut_for_closure_count: 0,
        two_phased_borrows: 0,
    },
}
- Called function relations: {}
- Incompltete Body: Output(Unit)     , NotConst , Safe  , Sync , Free       {}

# Relations for "mutable_owner_self_lifetimed_str"
- Incompltete Stats: BodyStats {
    return_relations_signature: 0,
    return_relations_found: 0,
    arg_relations_signature: 1,
    arg_relations_found: 1,
    arg_relation_possibly_missed_due_generics: 0,
    arg_relation_possibly_missed_due_to_late_bounds: 0,
    owned: OwnedStats {
        arg_borrow_count: 0,
        arg_borrow_mut_count: 0,
        arg_borrow_extended_count: 0,
        arg_borrow_mut_extended_count: 0,
        named_borrow_count: 0,
        named_borrow_mut_count: 0,
        borrowed_for_closure_count: 0,
        borrowed_mut_for_closure_count: 0,
        two_phased_borrows: 0,
    },
}
- Called function relations: {}
- Incompltete Body: Output(Unit)     , NotConst , Safe  , Sync , Free       {}

# Relations for "test_mut_args_1"
- Incompltete Stats: BodyStats {
    return_relations_signature: 0,
    return_relations_found: 0,
    arg_relations_signature: 1,
    arg_relations_found: 1,
    arg_relation_possibly_missed_due_generics: 0,
    arg_relation_possibly_missed_due_to_late_bounds: 0,
    owned: OwnedStats {
        arg_borrow_count: 0,
        arg_borrow_mut_count: 0,
        arg_borrow_extended_count: 0,
        arg_borrow_mut_extended_count: 0,
        named_borrow_count: 0,
        named_borrow_mut_count: 0,
        borrowed_for_closure_count: 0,
        borrowed_mut_for_closure_count: 0,
        two_phased_borrows: 0,
    },
}
- Called function relations: {
    bb0: {},
    bb1: {},
    bb2: {},
    bb3: {
        _13: [
            _14,
        ],
    },
}
- Incompltete Body: Output(Unit)     , NotConst , Safe  , Sync , Free       {}

Connection from _1 to _2 was not confirmed
# Relations for "test_mut_args_2"
- Incompltete Stats: BodyStats {
    return_relations_signature: 0,
    return_relations_found: 0,
    arg_relations_signature: 1,
    arg_relations_found: 0,
    arg_relation_possibly_missed_due_generics: 0,
    arg_relation_possibly_missed_due_to_late_bounds: 0,
    owned: OwnedStats {
        arg_borrow_count: 0,
        arg_borrow_mut_count: 0,
        arg_borrow_extended_count: 0,
        arg_borrow_mut_extended_count: 0,
        named_borrow_count: 0,
        named_borrow_mut_count: 0,
        borrowed_for_closure_count: 0,
        borrowed_mut_for_closure_count: 0,
        two_phased_borrows: 0,
    },
}
- Called function relations: {
    bb0: {},
}
- Incompltete Body: Output(Unit)     , NotConst , Safe  , Sync , Free       {}

# Relations for "test_mut_args_3"
- Incompltete Stats: BodyStats {
    return_relations_signature: 0,
    return_relations_found: 0,
    arg_relations_signature: 1,
    arg_relations_found: 1,
    arg_relation_possibly_missed_due_generics: 0,
    arg_relation_possibly_missed_due_to_late_bounds: 0,
    owned: OwnedStats {
        arg_borrow_count: 0,
        arg_borrow_mut_count: 0,
        arg_borrow_extended_count: 0,
        arg_borrow_mut_extended_count: 0,
        named_borrow_count: 0,
        named_borrow_mut_count: 0,
        borrowed_for_closure_count: 0,
        borrowed_mut_for_closure_count: 0,
        two_phased_borrows: 0,
    },
}
- Called function relations: {
    bb0: {
        _4: [
            _5,
        ],
    },
}
- Incompltete Body: Output(Unit)     , NotConst , Safe  , Sync , Free       {}

# Relations for "test_return_regions_static"
- Incompltete Stats: BodyStats {
    return_relations_signature: 0,
    return_relations_found: 0,
    arg_relations_signature: 0,
    arg_relations_found: 0,
    arg_relation_possibly_missed_due_generics: 0,
    arg_relation_possibly_missed_due_to_late_bounds: 0,
    owned: OwnedStats {
        arg_borrow_count: 0,
        arg_borrow_mut_count: 0,
        arg_borrow_extended_count: 0,
        arg_borrow_mut_extended_count: 0,
        named_borrow_count: 0,
        named_borrow_mut_count: 0,
        borrowed_for_closure_count: 0,
        borrowed_mut_for_closure_count: 0,
        two_phased_borrows: 0,
    },
}
- Called function relations: {}
- Incompltete Body: Output(Reference), NotConst , Safe  , Sync , Free       {NoArguments}

# Relations for "test_return_regions_non_static"
- Incompltete Stats: BodyStats {
    return_relations_signature: 1,
    return_relations_found: 0,
    arg_relations_signature: 0,
    arg_relations_found: 0,
    arg_relation_possibly_missed_due_generics: 0,
    arg_relation_possibly_missed_due_to_late_bounds: 0,
    owned: OwnedStats {
        arg_borrow_count: 0,
        arg_borrow_mut_count: 0,
        arg_borrow_extended_count: 0,
        arg_borrow_mut_extended_count: 0,
        named_borrow_count: 0,
        named_borrow_mut_count: 0,
        borrowed_for_closure_count: 0,
        borrowed_mut_for_closure_count: 0,
        two_phased_borrows: 0,
    },
}
- Called function relations: {}
- Incompltete Body: Output(Reference), NotConst , Safe  , Sync , Free       {ReturnedStaticLoanForNonStatic}

# Relations for "test_return_regions_non_static_or_default"
- Incompltete Stats: BodyStats {
    return_relations_signature: 1,
    return_relations_found: 1,
    arg_relations_signature: 0,
    arg_relations_found: 0,
    arg_relation_possibly_missed_due_generics: 0,
    arg_relation_possibly_missed_due_to_late_bounds: 0,
    owned: OwnedStats {
        arg_borrow_count: 0,
        arg_borrow_mut_count: 0,
        arg_borrow_extended_count: 0,
        arg_borrow_mut_extended_count: 0,
        named_borrow_count: 0,
        named_borrow_mut_count: 0,
        borrowed_for_closure_count: 0,
        borrowed_mut_for_closure_count: 0,
        two_phased_borrows: 0,
    },
}
- Called function relations: {
    bb0: {},
}
- Incompltete Body: Output(Reference), NotConst , Safe  , Sync , Free       {ReturnedStaticLoanForNonStatic}

# Relations for "test_return_static_tuple_for_non_static"
- Incompltete Stats: BodyStats {
    return_relations_signature: 1,
    return_relations_found: 1,
    arg_relations_signature: 0,
    arg_relations_found: 0,
    arg_relation_possibly_missed_due_generics: 0,
    arg_relation_possibly_missed_due_to_late_bounds: 0,
    owned: OwnedStats {
        arg_borrow_count: 0,
        arg_borrow_mut_count: 0,
        arg_borrow_extended_count: 0,
        arg_borrow_mut_extended_count: 0,
        named_borrow_count: 0,
        named_borrow_mut_count: 0,
        borrowed_for_closure_count: 0,
        borrowed_mut_for_closure_count: 0,
        two_phased_borrows: 0,
    },
}
- Called function relations: {
    bb0: {},
}
- Incompltete Body: Output(Tuple)    , NotConst , Safe  , Sync , Free       {ReturnedStaticLoanForNonStatic}

# Relations for "test_return_static_tuple"
- Incompltete Stats: BodyStats {
    return_relations_signature: 0,
    return_relations_found: 0,
    arg_relations_signature: 0,
    arg_relations_found: 0,
    arg_relation_possibly_missed_due_generics: 0,
    arg_relation_possibly_missed_due_to_late_bounds: 0,
    owned: OwnedStats {
        arg_borrow_count: 0,
        arg_borrow_mut_count: 0,
        arg_borrow_extended_count: 0,
        arg_borrow_mut_extended_count: 0,
        named_borrow_count: 0,
        named_borrow_mut_count: 0,
        borrowed_for_closure_count: 0,
        borrowed_mut_for_closure_count: 0,
        two_phased_borrows: 0,
    },
}
- Called function relations: {
    bb0: {},
}
- Incompltete Body: Output(Tuple)    , NotConst , Safe  , Sync , Free       {}

