# "temp_borrow_arg_1"
- owned          : (Immutable, Owned    , Argument, NonCopy, PartDrop, UserDef  ) {Borrow, ArgBorrow}
- Body: Output(Unit)     , NotConst , Safe  , Sync , Free       {HasTempBorrow}
- Stats: BodyStats {
    return_relations_signature: 0,
    return_relations_found: 0,
    arg_relations_signature: 0,
    arg_relations_found: 0,
    arg_relation_possibly_missed_due_generics: 0,
    arg_relation_possibly_missed_due_to_late_bounds: 0,
    owned: OwnedStats {
        arg_borrow_count: 2,
        arg_borrow_mut_count: 0,
        arg_borrow_extended_count: 0,
        arg_borrow_mut_extended_count: 0,
        named_borrow_count: 0,
        named_borrow_mut_count: 0,
        borrowed_for_closure_count: 0,
        borrowed_mut_for_closure_count: 0,
        two_phased_borrows: 0,
    },
}

# "temp_borrow_mut_arg_1"
- owned          : (Mutable  , Owned    , Argument, NonCopy, PartDrop, UserDef  ) {Borrow, ArgBorrowMut}
- Body: Output(Unit)     , NotConst , Safe  , Sync , Free       {HasTempBorrowMut}
- Stats: BodyStats {
    return_relations_signature: 0,
    return_relations_found: 0,
    arg_relations_signature: 0,
    arg_relations_found: 0,
    arg_relation_possibly_missed_due_generics: 0,
    arg_relation_possibly_missed_due_to_late_bounds: 0,
    owned: OwnedStats {
        arg_borrow_count: 0,
        arg_borrow_mut_count: 3,
        arg_borrow_extended_count: 0,
        arg_borrow_mut_extended_count: 0,
        named_borrow_count: 0,
        named_borrow_mut_count: 0,
        borrowed_for_closure_count: 0,
        borrowed_mut_for_closure_count: 0,
        two_phased_borrows: 0,
    },
}

# "temp_borrow_mixed_arg_1"
- owned          : (Mutable  , Owned    , Argument, NonCopy, PartDrop, UserDef  ) {Borrow, ArgBorrow, ArgBorrowMut}
- Body: Output(Unit)     , NotConst , Safe  , Sync , Free       {HasTempBorrow, HasTempBorrowMut}
- Stats: BodyStats {
    return_relations_signature: 0,
    return_relations_found: 0,
    arg_relations_signature: 0,
    arg_relations_found: 0,
    arg_relation_possibly_missed_due_generics: 0,
    arg_relation_possibly_missed_due_to_late_bounds: 0,
    owned: OwnedStats {
        arg_borrow_count: 2,
        arg_borrow_mut_count: 1,
        arg_borrow_extended_count: 0,
        arg_borrow_mut_extended_count: 0,
        named_borrow_count: 0,
        named_borrow_mut_count: 0,
        borrowed_for_closure_count: 0,
        borrowed_mut_for_closure_count: 0,
        two_phased_borrows: 0,
    },
}

# "temp_borrow_local_1"
- owned          : (Immutable, Owned    , Local   , NonCopy, PartDrop, UserDef  ) {Borrow, ArgBorrow}
- Body: Output(Unit)     , NotConst , Safe  , Sync , Free       {NoArguments, HasTempBorrow}
- Stats: BodyStats {
    return_relations_signature: 0,
    return_relations_found: 0,
    arg_relations_signature: 0,
    arg_relations_found: 0,
    arg_relation_possibly_missed_due_generics: 0,
    arg_relation_possibly_missed_due_to_late_bounds: 0,
    owned: OwnedStats {
        arg_borrow_count: 2,
        arg_borrow_mut_count: 0,
        arg_borrow_extended_count: 0,
        arg_borrow_mut_extended_count: 0,
        named_borrow_count: 0,
        named_borrow_mut_count: 0,
        borrowed_for_closure_count: 0,
        borrowed_mut_for_closure_count: 0,
        two_phased_borrows: 0,
    },
}

# "temp_borrow_mut_local_1"
- owned          : (Mutable  , Owned    , Local   , NonCopy, PartDrop, UserDef  ) {Borrow, ArgBorrowMut}
- Body: Output(Unit)     , NotConst , Safe  , Sync , Free       {NoArguments, HasTempBorrowMut}
- Stats: BodyStats {
    return_relations_signature: 0,
    return_relations_found: 0,
    arg_relations_signature: 0,
    arg_relations_found: 0,
    arg_relation_possibly_missed_due_generics: 0,
    arg_relation_possibly_missed_due_to_late_bounds: 0,
    owned: OwnedStats {
        arg_borrow_count: 0,
        arg_borrow_mut_count: 3,
        arg_borrow_extended_count: 0,
        arg_borrow_mut_extended_count: 0,
        named_borrow_count: 0,
        named_borrow_mut_count: 0,
        borrowed_for_closure_count: 0,
        borrowed_mut_for_closure_count: 0,
        two_phased_borrows: 0,
    },
}

# "temp_borrow_mixed_local_1"
- owned          : (Mutable  , Owned    , Local   , NonCopy, PartDrop, UserDef  ) {Borrow, ArgBorrow, ArgBorrowMut}
- Body: Output(Unit)     , NotConst , Safe  , Sync , Free       {NoArguments, HasTempBorrow, HasTempBorrowMut}
- Stats: BodyStats {
    return_relations_signature: 0,
    return_relations_found: 0,
    arg_relations_signature: 0,
    arg_relations_found: 0,
    arg_relation_possibly_missed_due_generics: 0,
    arg_relation_possibly_missed_due_to_late_bounds: 0,
    owned: OwnedStats {
        arg_borrow_count: 2,
        arg_borrow_mut_count: 1,
        arg_borrow_extended_count: 0,
        arg_borrow_mut_extended_count: 0,
        named_borrow_count: 0,
        named_borrow_mut_count: 0,
        borrowed_for_closure_count: 0,
        borrowed_mut_for_closure_count: 0,
        two_phased_borrows: 0,
    },
}

# "temp_borrow_mixed_mutltiple_1"
- a              : (Immutable, Owned    , Argument, NonCopy, PartDrop, UserDef  ) {Borrow, ArgBorrow}
- b              : (Mutable  , Owned    , Argument, NonCopy, PartDrop, UserDef  ) {Borrow, ArgBorrow, ArgBorrowMut}
- c              : (Immutable, Owned    , Local   , NonCopy, PartDrop, UserDef  ) {Borrow, ArgBorrow}
- d              : (Mutable  , Owned    , Local   , NonCopy, PartDrop, UserDef  ) {Borrow, ArgBorrow, ArgBorrowMut}
- Body: Output(Unit)     , NotConst , Safe  , Sync , Free       {HasTempBorrow, HasTempBorrowMut}
- Stats: BodyStats {
    return_relations_signature: 0,
    return_relations_found: 0,
    arg_relations_signature: 0,
    arg_relations_found: 0,
    arg_relation_possibly_missed_due_generics: 0,
    arg_relation_possibly_missed_due_to_late_bounds: 0,
    owned: OwnedStats {
        arg_borrow_count: 8,
        arg_borrow_mut_count: 2,
        arg_borrow_extended_count: 0,
        arg_borrow_mut_extended_count: 0,
        named_borrow_count: 0,
        named_borrow_mut_count: 0,
        borrowed_for_closure_count: 0,
        borrowed_mut_for_closure_count: 0,
        two_phased_borrows: 0,
    },
}

# "main"
- Body: Output(Unit)     , NotConst , Safe  , Sync , Free       {NoArguments}
- Stats: BodyStats {
    return_relations_signature: 0,
    return_relations_found: 0,
    arg_relations_signature: 0,
    arg_relations_found: 0,
    arg_relation_possibly_missed_due_generics: 0,
    arg_relation_possibly_missed_due_to_late_bounds: 0,
    owned: OwnedStats {
        arg_borrow_count: 0,
        arg_borrow_mut_count: 0,
        arg_borrow_extended_count: 0,
        arg_borrow_mut_extended_count: 0,
        named_borrow_count: 0,
        named_borrow_mut_count: 0,
        borrowed_for_closure_count: 0,
        borrowed_mut_for_closure_count: 0,
        two_phased_borrows: 0,
    },
}

